// Jest Snapshot v1, https://goo.gl/fbAQLP

exports[`App snapshot test 1`] = `
ShallowWrapper {
  "length": 1,
  Symbol(enzyme.__root__): [Circular],
  Symbol(enzyme.__unrendered__): <App />,
  Symbol(enzyme.__renderer__): Object {
    "batchedUpdates": [Function],
    "getNode": [Function],
    "render": [Function],
    "simulateEvent": [Function],
    "unmount": [Function],
  },
  Symbol(enzyme.__node__): Object {
    "instance": null,
    "key": undefined,
    "nodeType": "function",
    "props": Object {
      "children": Array [
        <styled(Component)
          className="dark"
>
          <styled(Component)
                    className="base"
          >
                    <SortBy
                              setSortBy={[Function]}
                    />
                    <SearchBar
                              searchValue=""
                              setSearchValue={[Function]}
                    />
          </styled(Component)>
</styled(Component)>,
        <styled(Component)>
          <styled(Component)
                    className="left"
          >
                    <MovieList
                              movies={
                                        Array [
                                                  Object {
                                                    "director": "Foo Bar",
                                                    "episode_id": 22,
                                                    "id": 1,
                                                    "opening_crawl": "foo foo foo",
                                                    "release_date": "2001-01-01",
                                                    "title": "Foo",
                                                  },
                                                  Object {
                                                    "director": "Bar Baz",
                                                    "episode_id": 13,
                                                    "id": 2,
                                                    "opening_crawl": "bar bar bar",
                                                    "release_date": "2001-02-02",
                                                    "title": "Bar",
                                                  },
                                                  Object {
                                                    "director": "Baz Biz",
                                                    "episode_id": 37,
                                                    "id": 3,
                                                    "opening_crawl": "baz baz baz",
                                                    "release_date": "2003-03-03",
                                                    "title": "Baz",
                                                  },
                                                ]
                              }
                              onClick={[Function]}
                    />
          </styled(Component)>
          <styled(Component)
                    className="right"
          >
                    <MovieDetail
                              movie={undefined}
                    />
          </styled(Component)>
</styled(Component)>,
      ],
    },
    "ref": null,
    "rendered": Array [
      Object {
        "instance": null,
        "key": undefined,
        "nodeType": "function",
        "props": Object {
          "children": <styled(Component)
            className="base"
>
            <SortBy
                        setSortBy={[Function]}
            />
            <SearchBar
                        searchValue=""
                        setSearchValue={[Function]}
            />
</styled(Component)>,
          "className": "dark",
        },
        "ref": null,
        "rendered": Object {
          "instance": null,
          "key": undefined,
          "nodeType": "function",
          "props": Object {
            "children": Array [
              <SortBy
                setSortBy={[Function]}
/>,
              <SearchBar
                searchValue=""
                setSearchValue={[Function]}
/>,
            ],
            "className": "base",
          },
          "ref": null,
          "rendered": Array [
            Object {
              "instance": null,
              "key": undefined,
              "nodeType": "class",
              "props": Object {
                "setSortBy": [Function],
              },
              "ref": null,
              "rendered": null,
              "type": [Function],
            },
            Object {
              "instance": null,
              "key": undefined,
              "nodeType": "function",
              "props": Object {
                "searchValue": "",
                "setSearchValue": [Function],
              },
              "ref": null,
              "rendered": null,
              "type": [Function],
            },
          ],
          "type": [Function],
        },
        "type": [Function],
      },
      Object {
        "instance": null,
        "key": undefined,
        "nodeType": "function",
        "props": Object {
          "children": Array [
            <styled(Component)
              className="left"
>
              <MovieList
                            movies={
                                          Array [
                                                        Object {
                                                          "director": "Foo Bar",
                                                          "episode_id": 22,
                                                          "id": 1,
                                                          "opening_crawl": "foo foo foo",
                                                          "release_date": "2001-01-01",
                                                          "title": "Foo",
                                                        },
                                                        Object {
                                                          "director": "Bar Baz",
                                                          "episode_id": 13,
                                                          "id": 2,
                                                          "opening_crawl": "bar bar bar",
                                                          "release_date": "2001-02-02",
                                                          "title": "Bar",
                                                        },
                                                        Object {
                                                          "director": "Baz Biz",
                                                          "episode_id": 37,
                                                          "id": 3,
                                                          "opening_crawl": "baz baz baz",
                                                          "release_date": "2003-03-03",
                                                          "title": "Baz",
                                                        },
                                                      ]
                            }
                            onClick={[Function]}
              />
</styled(Component)>,
            <styled(Component)
              className="right"
>
              <MovieDetail
                            movie={undefined}
              />
</styled(Component)>,
          ],
        },
        "ref": null,
        "rendered": Array [
          Object {
            "instance": null,
            "key": undefined,
            "nodeType": "function",
            "props": Object {
              "children": <MovieList
                movies={
                                Array [
                                                Object {
                                                  "director": "Foo Bar",
                                                  "episode_id": 22,
                                                  "id": 1,
                                                  "opening_crawl": "foo foo foo",
                                                  "release_date": "2001-01-01",
                                                  "title": "Foo",
                                                },
                                                Object {
                                                  "director": "Bar Baz",
                                                  "episode_id": 13,
                                                  "id": 2,
                                                  "opening_crawl": "bar bar bar",
                                                  "release_date": "2001-02-02",
                                                  "title": "Bar",
                                                },
                                                Object {
                                                  "director": "Baz Biz",
                                                  "episode_id": 37,
                                                  "id": 3,
                                                  "opening_crawl": "baz baz baz",
                                                  "release_date": "2003-03-03",
                                                  "title": "Baz",
                                                },
                                              ]
                }
                onClick={[Function]}
/>,
              "className": "left",
            },
            "ref": null,
            "rendered": Object {
              "instance": null,
              "key": undefined,
              "nodeType": "function",
              "props": Object {
                "movies": Array [
                  Object {
                    "director": "Foo Bar",
                    "episode_id": 22,
                    "id": 1,
                    "opening_crawl": "foo foo foo",
                    "release_date": "2001-01-01",
                    "title": "Foo",
                  },
                  Object {
                    "director": "Bar Baz",
                    "episode_id": 13,
                    "id": 2,
                    "opening_crawl": "bar bar bar",
                    "release_date": "2001-02-02",
                    "title": "Bar",
                  },
                  Object {
                    "director": "Baz Biz",
                    "episode_id": 37,
                    "id": 3,
                    "opening_crawl": "baz baz baz",
                    "release_date": "2003-03-03",
                    "title": "Baz",
                  },
                ],
                "onClick": [Function],
              },
              "ref": null,
              "rendered": null,
              "type": [Function],
            },
            "type": [Function],
          },
          Object {
            "instance": null,
            "key": undefined,
            "nodeType": "function",
            "props": Object {
              "children": <MovieDetail
                movie={undefined}
/>,
              "className": "right",
            },
            "ref": null,
            "rendered": Object {
              "instance": null,
              "key": undefined,
              "nodeType": "function",
              "props": Object {
                "movie": undefined,
              },
              "ref": null,
              "rendered": null,
              "type": [Function],
            },
            "type": [Function],
          },
        ],
        "type": [Function],
      },
    ],
    "type": [Function],
  },
  Symbol(enzyme.__nodes__): Array [
    Object {
      "instance": null,
      "key": undefined,
      "nodeType": "function",
      "props": Object {
        "children": Array [
          <styled(Component)
            className="dark"
>
            <styled(Component)
                        className="base"
            >
                        <SortBy
                                    setSortBy={[Function]}
                        />
                        <SearchBar
                                    searchValue=""
                                    setSearchValue={[Function]}
                        />
            </styled(Component)>
</styled(Component)>,
          <styled(Component)>
            <styled(Component)
                        className="left"
            >
                        <MovieList
                                    movies={
                                                Array [
                                                            Object {
                                                              "director": "Foo Bar",
                                                              "episode_id": 22,
                                                              "id": 1,
                                                              "opening_crawl": "foo foo foo",
                                                              "release_date": "2001-01-01",
                                                              "title": "Foo",
                                                            },
                                                            Object {
                                                              "director": "Bar Baz",
                                                              "episode_id": 13,
                                                              "id": 2,
                                                              "opening_crawl": "bar bar bar",
                                                              "release_date": "2001-02-02",
                                                              "title": "Bar",
                                                            },
                                                            Object {
                                                              "director": "Baz Biz",
                                                              "episode_id": 37,
                                                              "id": 3,
                                                              "opening_crawl": "baz baz baz",
                                                              "release_date": "2003-03-03",
                                                              "title": "Baz",
                                                            },
                                                          ]
                                    }
                                    onClick={[Function]}
                        />
            </styled(Component)>
            <styled(Component)
                        className="right"
            >
                        <MovieDetail
                                    movie={undefined}
                        />
            </styled(Component)>
</styled(Component)>,
        ],
      },
      "ref": null,
      "rendered": Array [
        Object {
          "instance": null,
          "key": undefined,
          "nodeType": "function",
          "props": Object {
            "children": <styled(Component)
              className="base"
>
              <SortBy
                            setSortBy={[Function]}
              />
              <SearchBar
                            searchValue=""
                            setSearchValue={[Function]}
              />
</styled(Component)>,
            "className": "dark",
          },
          "ref": null,
          "rendered": Object {
            "instance": null,
            "key": undefined,
            "nodeType": "function",
            "props": Object {
              "children": Array [
                <SortBy
                  setSortBy={[Function]}
/>,
                <SearchBar
                  searchValue=""
                  setSearchValue={[Function]}
/>,
              ],
              "className": "base",
            },
            "ref": null,
            "rendered": Array [
              Object {
                "instance": null,
                "key": undefined,
                "nodeType": "class",
                "props": Object {
                  "setSortBy": [Function],
                },
                "ref": null,
                "rendered": null,
                "type": [Function],
              },
              Object {
                "instance": null,
                "key": undefined,
                "nodeType": "function",
                "props": Object {
                  "searchValue": "",
                  "setSearchValue": [Function],
                },
                "ref": null,
                "rendered": null,
                "type": [Function],
              },
            ],
            "type": [Function],
          },
          "type": [Function],
        },
        Object {
          "instance": null,
          "key": undefined,
          "nodeType": "function",
          "props": Object {
            "children": Array [
              <styled(Component)
                className="left"
>
                <MovieList
                                movies={
                                                Array [
                                                                Object {
                                                                  "director": "Foo Bar",
                                                                  "episode_id": 22,
                                                                  "id": 1,
                                                                  "opening_crawl": "foo foo foo",
                                                                  "release_date": "2001-01-01",
                                                                  "title": "Foo",
                                                                },
                                                                Object {
                                                                  "director": "Bar Baz",
                                                                  "episode_id": 13,
                                                                  "id": 2,
                                                                  "opening_crawl": "bar bar bar",
                                                                  "release_date": "2001-02-02",
                                                                  "title": "Bar",
                                                                },
                                                                Object {
                                                                  "director": "Baz Biz",
                                                                  "episode_id": 37,
                                                                  "id": 3,
                                                                  "opening_crawl": "baz baz baz",
                                                                  "release_date": "2003-03-03",
                                                                  "title": "Baz",
                                                                },
                                                              ]
                                }
                                onClick={[Function]}
                />
</styled(Component)>,
              <styled(Component)
                className="right"
>
                <MovieDetail
                                movie={undefined}
                />
</styled(Component)>,
            ],
          },
          "ref": null,
          "rendered": Array [
            Object {
              "instance": null,
              "key": undefined,
              "nodeType": "function",
              "props": Object {
                "children": <MovieList
                  movies={
                                    Array [
                                                      Object {
                                                        "director": "Foo Bar",
                                                        "episode_id": 22,
                                                        "id": 1,
                                                        "opening_crawl": "foo foo foo",
                                                        "release_date": "2001-01-01",
                                                        "title": "Foo",
                                                      },
                                                      Object {
                                                        "director": "Bar Baz",
                                                        "episode_id": 13,
                                                        "id": 2,
                                                        "opening_crawl": "bar bar bar",
                                                        "release_date": "2001-02-02",
                                                        "title": "Bar",
                                                      },
                                                      Object {
                                                        "director": "Baz Biz",
                                                        "episode_id": 37,
                                                        "id": 3,
                                                        "opening_crawl": "baz baz baz",
                                                        "release_date": "2003-03-03",
                                                        "title": "Baz",
                                                      },
                                                    ]
                  }
                  onClick={[Function]}
/>,
                "className": "left",
              },
              "ref": null,
              "rendered": Object {
                "instance": null,
                "key": undefined,
                "nodeType": "function",
                "props": Object {
                  "movies": Array [
                    Object {
                      "director": "Foo Bar",
                      "episode_id": 22,
                      "id": 1,
                      "opening_crawl": "foo foo foo",
                      "release_date": "2001-01-01",
                      "title": "Foo",
                    },
                    Object {
                      "director": "Bar Baz",
                      "episode_id": 13,
                      "id": 2,
                      "opening_crawl": "bar bar bar",
                      "release_date": "2001-02-02",
                      "title": "Bar",
                    },
                    Object {
                      "director": "Baz Biz",
                      "episode_id": 37,
                      "id": 3,
                      "opening_crawl": "baz baz baz",
                      "release_date": "2003-03-03",
                      "title": "Baz",
                    },
                  ],
                  "onClick": [Function],
                },
                "ref": null,
                "rendered": null,
                "type": [Function],
              },
              "type": [Function],
            },
            Object {
              "instance": null,
              "key": undefined,
              "nodeType": "function",
              "props": Object {
                "children": <MovieDetail
                  movie={undefined}
/>,
                "className": "right",
              },
              "ref": null,
              "rendered": Object {
                "instance": null,
                "key": undefined,
                "nodeType": "function",
                "props": Object {
                  "movie": undefined,
                },
                "ref": null,
                "rendered": null,
                "type": [Function],
              },
              "type": [Function],
            },
          ],
          "type": [Function],
        },
      ],
      "type": [Function],
    },
  ],
  Symbol(enzyme.__options__): Object {
    "adapter": ReactSixteenAdapter {
      "options": Object {
        "enableComponentDidUpdateOnSetState": true,
      },
    },
  },
}
`;
